// Jest Snapshot v1, https://goo.gl/fbAQLP

exports[`<Block> render as default <div> 1`] = `
ShallowWrapper {
  Symbol(enzyme.__root__): [Circular],
  Symbol(enzyme.__unrendered__): <ForwardRef>
    Block
  </ForwardRef>,
  Symbol(enzyme.__renderer__): Object {
    "batchedUpdates": [Function],
    "getNode": [Function],
    "render": [Function],
    "simulateError": [Function],
    "simulateEvent": [Function],
    "unmount": [Function],
  },
  Symbol(enzyme.__node__): Object {
    "instance": null,
    "key": undefined,
    "nodeType": "class",
    "props": Object {
      "children": "Block",
      "forwardedClass": Object {
        "$$typeof": Symbol(react.forward_ref),
        "attrs": undefined,
        "componentStyle": ComponentStyle {
          "componentId": "sc-bdVaJa",
          "isStatic": false,
          "rules": Array [
            "
    display: ",
            [Function],
            "
    display: ",
            [Function],
            ";
    flex-basis: ",
            [Function],
            ";
    flex-wrap: ",
            [Function],
            ";
    width: ",
            [Function],
            ";
    height: ",
            [Function],
            ";
    align-items: ",
            [Function],
            ";
    justify-content: ",
            [Function],
            ";
    flex-grow: ",
            [Function],
            ";
    flex-shrink: ",
            [Function],
            ";
    flex-direction: ",
            [Function],
            ";
    padding: ",
            [Function],
            ";
    
    ",
            [Function],
            "

    @media all and (min-width: ",
            "480px",
            ") {
        display: ",
            [Function],
            ";
        flex-basis: ",
            [Function],
            ";
        flex-wrap: ",
            [Function],
            ";
        width: ",
            [Function],
            ";
        height: ",
            [Function],
            ";
        align-items: ",
            [Function],
            ";
        justify-content: ",
            [Function],
            ";
        flex-grow: ",
            [Function],
            ";
        flex-shrink: ",
            [Function],
            ";
        flex-direction: ",
            [Function],
            ";
        padding: ",
            [Function],
            ";
        ",
            [Function],
            "
    }

    @media all and (min-width: ",
            "576px",
            ") {
        display: ",
            [Function],
            ";
        flex-basis: ",
            [Function],
            ";
        flex-wrap: ",
            [Function],
            ";
        width: ",
            [Function],
            ";
        height: ",
            [Function],
            ";
        align-items: ",
            [Function],
            ";
        justify-content: ",
            [Function],
            ";
        flex-grow: ",
            [Function],
            ";
        flex-shrink: ",
            [Function],
            ";
        flex-direction: ",
            [Function],
            ";
        padding: ",
            [Function],
            ";
        ",
            [Function],
            "
    }

    @media all and (min-width: ",
            "768px",
            ") {
        display: ",
            [Function],
            ";
        flex-basis: ",
            [Function],
            ";
        flex-wrap: ",
            [Function],
            ";
        width: ",
            [Function],
            ";
        height: ",
            [Function],
            ";
        align-items: ",
            [Function],
            ";
        justify-content: ",
            [Function],
            ";
        flex-grow: ",
            [Function],
            ";
        flex-shrink: ",
            [Function],
            ";
        flex-direction: ",
            [Function],
            ";
        padding: ",
            [Function],
            ";
        ",
            [Function],
            "
    }

    @media all and (min-width: ",
            "992px",
            ") {
        display: ",
            [Function],
            ";
        flex-basis: ",
            [Function],
            ";
        flex-wrap: ",
            [Function],
            ";
        width: ",
            [Function],
            ";
        height: ",
            [Function],
            ";
        align-items: ",
            [Function],
            ";
        justify-content: ",
            [Function],
            ";
        flex-grow: ",
            [Function],
            ";
        flex-shrink: ",
            [Function],
            ";
        flex-direction: ",
            [Function],
            ";
        padding: ",
            [Function],
            ";
        ",
            [Function],
            "
    }

    @media all and (min-width: ",
            "1200px",
            ") {
        display: ",
            [Function],
            ";
        flex-basis: ",
            [Function],
            ";
        flex-wrap: ",
            [Function],
            ";    
        width: ",
            [Function],
            ";
        height: ",
            [Function],
            ";
        align-items: ",
            [Function],
            ";
        justify-content: ",
            [Function],
            ";
        flex-grow: ",
            [Function],
            ";
        flex-shrink: ",
            [Function],
            ";
        flex-direction: ",
            [Function],
            ";
        padding: ",
            [Function],
            ";
        ",
            [Function],
            "
    }

    @media all and (min-width: ",
            "1600px",
            ") {
        display: ",
            [Function],
            ";
        flex-basis: ",
            [Function],
            ";
        flex-wrap: ",
            [Function],
            ";
        width: ",
            [Function],
            ";
        height: ",
            [Function],
            ";
        align-items: ",
            [Function],
            ";
        justify-content: ",
            [Function],
            ";
        flex-grow: ",
            [Function],
            ";
        flex-shrink: ",
            [Function],
            ";
        flex-direction: ",
            [Function],
            ";
        padding: ",
            [Function],
            ";
        ",
            [Function],
            "
    }
",
          ],
        },
        "displayName": "Styled(Block)",
        "render": [Function],
        "styledComponentId": "sc-bdVaJa",
        "target": [Function],
        "warnTooManyClasses": [Function],
        "withComponent": [Function],
        Symbol(Symbol.hasInstance): [Function],
      },
      "forwardedRef": null,
    },
    "ref": null,
    "rendered": "Block",
    "type": [Function],
  },
  Symbol(enzyme.__nodes__): Array [
    Object {
      "instance": null,
      "key": undefined,
      "nodeType": "class",
      "props": Object {
        "children": "Block",
        "forwardedClass": Object {
          "$$typeof": Symbol(react.forward_ref),
          "attrs": undefined,
          "componentStyle": ComponentStyle {
            "componentId": "sc-bdVaJa",
            "isStatic": false,
            "rules": Array [
              "
    display: ",
              [Function],
              "
    display: ",
              [Function],
              ";
    flex-basis: ",
              [Function],
              ";
    flex-wrap: ",
              [Function],
              ";
    width: ",
              [Function],
              ";
    height: ",
              [Function],
              ";
    align-items: ",
              [Function],
              ";
    justify-content: ",
              [Function],
              ";
    flex-grow: ",
              [Function],
              ";
    flex-shrink: ",
              [Function],
              ";
    flex-direction: ",
              [Function],
              ";
    padding: ",
              [Function],
              ";
    
    ",
              [Function],
              "

    @media all and (min-width: ",
              "480px",
              ") {
        display: ",
              [Function],
              ";
        flex-basis: ",
              [Function],
              ";
        flex-wrap: ",
              [Function],
              ";
        width: ",
              [Function],
              ";
        height: ",
              [Function],
              ";
        align-items: ",
              [Function],
              ";
        justify-content: ",
              [Function],
              ";
        flex-grow: ",
              [Function],
              ";
        flex-shrink: ",
              [Function],
              ";
        flex-direction: ",
              [Function],
              ";
        padding: ",
              [Function],
              ";
        ",
              [Function],
              "
    }

    @media all and (min-width: ",
              "576px",
              ") {
        display: ",
              [Function],
              ";
        flex-basis: ",
              [Function],
              ";
        flex-wrap: ",
              [Function],
              ";
        width: ",
              [Function],
              ";
        height: ",
              [Function],
              ";
        align-items: ",
              [Function],
              ";
        justify-content: ",
              [Function],
              ";
        flex-grow: ",
              [Function],
              ";
        flex-shrink: ",
              [Function],
              ";
        flex-direction: ",
              [Function],
              ";
        padding: ",
              [Function],
              ";
        ",
              [Function],
              "
    }

    @media all and (min-width: ",
              "768px",
              ") {
        display: ",
              [Function],
              ";
        flex-basis: ",
              [Function],
              ";
        flex-wrap: ",
              [Function],
              ";
        width: ",
              [Function],
              ";
        height: ",
              [Function],
              ";
        align-items: ",
              [Function],
              ";
        justify-content: ",
              [Function],
              ";
        flex-grow: ",
              [Function],
              ";
        flex-shrink: ",
              [Function],
              ";
        flex-direction: ",
              [Function],
              ";
        padding: ",
              [Function],
              ";
        ",
              [Function],
              "
    }

    @media all and (min-width: ",
              "992px",
              ") {
        display: ",
              [Function],
              ";
        flex-basis: ",
              [Function],
              ";
        flex-wrap: ",
              [Function],
              ";
        width: ",
              [Function],
              ";
        height: ",
              [Function],
              ";
        align-items: ",
              [Function],
              ";
        justify-content: ",
              [Function],
              ";
        flex-grow: ",
              [Function],
              ";
        flex-shrink: ",
              [Function],
              ";
        flex-direction: ",
              [Function],
              ";
        padding: ",
              [Function],
              ";
        ",
              [Function],
              "
    }

    @media all and (min-width: ",
              "1200px",
              ") {
        display: ",
              [Function],
              ";
        flex-basis: ",
              [Function],
              ";
        flex-wrap: ",
              [Function],
              ";    
        width: ",
              [Function],
              ";
        height: ",
              [Function],
              ";
        align-items: ",
              [Function],
              ";
        justify-content: ",
              [Function],
              ";
        flex-grow: ",
              [Function],
              ";
        flex-shrink: ",
              [Function],
              ";
        flex-direction: ",
              [Function],
              ";
        padding: ",
              [Function],
              ";
        ",
              [Function],
              "
    }

    @media all and (min-width: ",
              "1600px",
              ") {
        display: ",
              [Function],
              ";
        flex-basis: ",
              [Function],
              ";
        flex-wrap: ",
              [Function],
              ";
        width: ",
              [Function],
              ";
        height: ",
              [Function],
              ";
        align-items: ",
              [Function],
              ";
        justify-content: ",
              [Function],
              ";
        flex-grow: ",
              [Function],
              ";
        flex-shrink: ",
              [Function],
              ";
        flex-direction: ",
              [Function],
              ";
        padding: ",
              [Function],
              ";
        ",
              [Function],
              "
    }
",
            ],
          },
          "displayName": "Styled(Block)",
          "render": [Function],
          "styledComponentId": "sc-bdVaJa",
          "target": [Function],
          "warnTooManyClasses": [Function],
          "withComponent": [Function],
          Symbol(Symbol.hasInstance): [Function],
        },
        "forwardedRef": null,
      },
      "ref": null,
      "rendered": "Block",
      "type": [Function],
    },
  ],
  Symbol(enzyme.__options__): Object {
    "adapter": ReactSixteenAdapter {
      "options": Object {
        "enableComponentDidUpdateOnSetState": true,
        "lifecycles": Object {
          "componentDidUpdate": Object {
            "onSetState": true,
          },
          "getDerivedStateFromProps": true,
          "getSnapshotBeforeUpdate": true,
          "setState": Object {
            "skipsComponentDidUpdateOnNullish": true,
          },
        },
      },
    },
    "attachTo": undefined,
    "hydrateIn": undefined,
  },
}
`;
